Component: Arm Compiler for Embedded 6.21 Tool: armlink [5ec1fa00]

==============================================================================

Section Cross References

    main.o(.text) refers (Special) to _printf_percent.o(.ARM.Collect$$_printf_percent$$00000000) for _printf_percent
    main.o(.text) refers (Special) to _printf_d.o(.ARM.Collect$$_printf_percent$$00000009) for _printf_d
    main.o(.text) refers (Special) to _printf_dec.o(.text) for _printf_int_dec
    main.o(.text.main) refers (Special) to _printf_percent.o(.ARM.Collect$$_printf_percent$$00000000) for _printf_percent
    main.o(.text.main) refers (Special) to _printf_d.o(.ARM.Collect$$_printf_percent$$00000009) for _printf_d
    main.o(.text.main) refers (Special) to _printf_dec.o(.text) for _printf_int_dec
    main.o(.text.main) refers to systick.o(.text.systick_init) for systick_init
    main.o(.text.main) refers to i2c_lcd.o(.text.lcd_i2c_init) for lcd_i2c_init
    main.o(.text.main) refers to i2c_lcd.o(.text.lcd_i2c_msg) for lcd_i2c_msg
    main.o(.text.main) refers to systick.o(.text.delay_ms) for delay_ms
    main.o(.text.main) refers to i2c_lcd.o(.text.lcd_i2c_cmd) for lcd_i2c_cmd
    main.o(.text.main) refers to i2c.o(.text.i2c_init) for i2c_init
    main.o(.text.main) refers to adxl345.o(.text.ADXL345_Init) for ADXL345_Init
    main.o(.text.main) refers to i2c.o(.text.i2c_start) for i2c_start
    main.o(.text.main) refers to i2c.o(.text.i2c_add) for i2c_add
    main.o(.text.main) refers to i2c.o(.text.i2c_data) for i2c_data
    main.o(.text.main) refers to i2c.o(.text.i2c_stop) for i2c_stop
    main.o(.text.main) refers to i2c.o(.text.i2c_read) for i2c_read
    main.o(.text.main) refers to adxl345.o(.text.ADXL345_ReadXYZ) for ADXL345_ReadXYZ
    main.o(.text.main) refers to noretval__2snprintf.o(.text) for __2snprintf
    main.o(.ARM.exidx.text.main) refers (Special) to _printf_percent.o(.ARM.Collect$$_printf_percent$$00000000) for _printf_percent
    main.o(.ARM.exidx.text.main) refers (Special) to _printf_d.o(.ARM.Collect$$_printf_percent$$00000009) for _printf_d
    main.o(.ARM.exidx.text.main) refers (Special) to _printf_dec.o(.text) for _printf_int_dec
    main.o(.ARM.exidx.text.main) refers to main.o(.text.main) for [Anonymous Symbol]
    main.o(.ARM.use_no_argv) refers (Special) to _printf_percent.o(.ARM.Collect$$_printf_percent$$00000000) for _printf_percent
    main.o(.ARM.use_no_argv) refers (Special) to _printf_d.o(.ARM.Collect$$_printf_percent$$00000009) for _printf_d
    main.o(.ARM.use_no_argv) refers (Special) to _printf_dec.o(.text) for _printf_int_dec
    i2c_lcd.o(.text.add_slave) refers to i2c.o(.text.i2c_add) for i2c_add
    i2c_lcd.o(.ARM.exidx.text.add_slave) refers to i2c_lcd.o(.text.add_slave) for [Anonymous Symbol]
    i2c_lcd.o(.text.trans_slave) refers to i2c.o(.text.i2c_start) for i2c_start
    i2c_lcd.o(.text.trans_slave) refers to i2c.o(.text.i2c_add) for i2c_add
    i2c_lcd.o(.text.trans_slave) refers to i2c.o(.text.i2c_data) for i2c_data
    i2c_lcd.o(.text.trans_slave) refers to i2c.o(.text.i2c_stop) for i2c_stop
    i2c_lcd.o(.ARM.exidx.text.trans_slave) refers to i2c_lcd.o(.text.trans_slave) for [Anonymous Symbol]
    i2c_lcd.o(.text.lcd_i2c_data) refers to i2c.o(.text.i2c_start) for i2c_start
    i2c_lcd.o(.text.lcd_i2c_data) refers to i2c.o(.text.i2c_add) for i2c_add
    i2c_lcd.o(.text.lcd_i2c_data) refers to i2c.o(.text.i2c_data) for i2c_data
    i2c_lcd.o(.text.lcd_i2c_data) refers to i2c.o(.text.i2c_stop) for i2c_stop
    i2c_lcd.o(.text.lcd_i2c_data) refers to systick.o(.text.delay_us) for delay_us
    i2c_lcd.o(.ARM.exidx.text.lcd_i2c_data) refers to i2c_lcd.o(.text.lcd_i2c_data) for [Anonymous Symbol]
    i2c_lcd.o(.text.lcd_i2c_cmd) refers to i2c.o(.text.i2c_start) for i2c_start
    i2c_lcd.o(.text.lcd_i2c_cmd) refers to i2c.o(.text.i2c_add) for i2c_add
    i2c_lcd.o(.text.lcd_i2c_cmd) refers to i2c.o(.text.i2c_data) for i2c_data
    i2c_lcd.o(.text.lcd_i2c_cmd) refers to i2c.o(.text.i2c_stop) for i2c_stop
    i2c_lcd.o(.text.lcd_i2c_cmd) refers to systick.o(.text.delay_us) for delay_us
    i2c_lcd.o(.ARM.exidx.text.lcd_i2c_cmd) refers to i2c_lcd.o(.text.lcd_i2c_cmd) for [Anonymous Symbol]
    i2c_lcd.o(.text.lcd_i2c_init) refers to i2c.o(.text.i2c_init) for i2c_init
    i2c_lcd.o(.text.lcd_i2c_init) refers to systick.o(.text.delay_ms) for delay_ms
    i2c_lcd.o(.text.lcd_i2c_init) refers to i2c.o(.text.i2c_start) for i2c_start
    i2c_lcd.o(.text.lcd_i2c_init) refers to i2c.o(.text.i2c_add) for i2c_add
    i2c_lcd.o(.text.lcd_i2c_init) refers to i2c.o(.text.i2c_data) for i2c_data
    i2c_lcd.o(.text.lcd_i2c_init) refers to i2c.o(.text.i2c_stop) for i2c_stop
    i2c_lcd.o(.text.lcd_i2c_init) refers to systick.o(.text.delay_us) for delay_us
    i2c_lcd.o(.text.lcd_i2c_init) refers to i2c_lcd.o(.text.lcd_i2c_cmd) for lcd_i2c_cmd
    i2c_lcd.o(.ARM.exidx.text.lcd_i2c_init) refers to i2c_lcd.o(.text.lcd_i2c_init) for [Anonymous Symbol]
    i2c_lcd.o(.text.lcd_i2c_send) refers to i2c_lcd.o(.text.lcd_i2c_data) for lcd_i2c_data
    i2c_lcd.o(.text.lcd_i2c_send) refers to systick.o(.text.delay_us) for delay_us
    i2c_lcd.o(.ARM.exidx.text.lcd_i2c_send) refers to i2c_lcd.o(.text.lcd_i2c_send) for [Anonymous Symbol]
    i2c_lcd.o(.text.lcd_i2c_msg) refers to i2c_lcd.o(.text.lcd_i2c_cmd) for lcd_i2c_cmd
    i2c_lcd.o(.text.lcd_i2c_msg) refers to systick.o(.text.delay_us) for delay_us
    i2c_lcd.o(.text.lcd_i2c_msg) refers to i2c_lcd.o(.text.lcd_i2c_data) for lcd_i2c_data
    i2c_lcd.o(.ARM.exidx.text.lcd_i2c_msg) refers to i2c_lcd.o(.text.lcd_i2c_msg) for [Anonymous Symbol]
    i2c.o(.text.i2c_init) refers to gpio.o(.text.gpio_init) for gpio_init
    i2c.o(.ARM.exidx.text.i2c_init) refers to i2c.o(.text.i2c_init) for [Anonymous Symbol]
    i2c.o(.ARM.exidx.text.i2c_start) refers to i2c.o(.text.i2c_start) for [Anonymous Symbol]
    i2c.o(.ARM.exidx.text.i2c_add) refers to i2c.o(.text.i2c_add) for [Anonymous Symbol]
    i2c.o(.ARM.exidx.text.i2c_data) refers to i2c.o(.text.i2c_data) for [Anonymous Symbol]
    i2c.o(.ARM.exidx.text.i2c_stop) refers to i2c.o(.text.i2c_stop) for [Anonymous Symbol]
    i2c.o(.ARM.exidx.text.i2c_write) refers to i2c.o(.text.i2c_write) for [Anonymous Symbol]
    i2c.o(.ARM.exidx.text.i2c_read) refers to i2c.o(.text.i2c_read) for [Anonymous Symbol]
    gpio.o(.ARM.exidx.text.gpio_init) refers to gpio.o(.text.gpio_init) for [Anonymous Symbol]
    gpio.o(.ARM.exidx.text.gpio_write) refers to gpio.o(.text.gpio_write) for [Anonymous Symbol]
    gpio.o(.ARM.exidx.text.gpio_read) refers to gpio.o(.text.gpio_read) for [Anonymous Symbol]
    systick.o(.text.SysTick_Handler) refers to systick.o(.bss.tick_count) for tick_count
    systick.o(.ARM.exidx.text.SysTick_Handler) refers to systick.o(.text.SysTick_Handler) for [Anonymous Symbol]
    systick.o(.text.get_tick) refers to systick.o(.bss.tick_count) for tick_count
    systick.o(.ARM.exidx.text.get_tick) refers to systick.o(.text.get_tick) for [Anonymous Symbol]
    systick.o(.text.systick_init) refers to system_stm32f10x.o(.data.SystemCoreClock) for SystemCoreClock
    systick.o(.ARM.exidx.text.systick_init) refers to systick.o(.text.systick_init) for [Anonymous Symbol]
    systick.o(.text.delay_us) refers to systick.o(.bss.tick_count) for tick_count
    systick.o(.text.delay_us) refers to systick.o(.text.get_tick) for get_tick
    systick.o(.ARM.exidx.text.delay_us) refers to systick.o(.text.delay_us) for [Anonymous Symbol]
    systick.o(.text.delay_ms) refers to systick.o(.bss.tick_count) for tick_count
    systick.o(.text.delay_ms) refers to systick.o(.text.get_tick) for get_tick
    systick.o(.ARM.exidx.text.delay_ms) refers to systick.o(.text.delay_ms) for [Anonymous Symbol]
    adxl345.o(.text.ADXL345_Init) refers to i2c.o(.text.i2c_write) for i2c_write
    adxl345.o(.ARM.exidx.text.ADXL345_Init) refers to adxl345.o(.text.ADXL345_Init) for [Anonymous Symbol]
    adxl345.o(.text.ADXL345_ReadXYZ) refers to i2c.o(.text.i2c_start) for i2c_start
    adxl345.o(.text.ADXL345_ReadXYZ) refers to i2c.o(.text.i2c_add) for i2c_add
    adxl345.o(.text.ADXL345_ReadXYZ) refers to i2c.o(.text.i2c_data) for i2c_data
    adxl345.o(.text.ADXL345_ReadXYZ) refers to i2c.o(.text.i2c_stop) for i2c_stop
    adxl345.o(.text.ADXL345_ReadXYZ) refers to i2c.o(.text.i2c_read) for i2c_read
    adxl345.o(.ARM.exidx.text.ADXL345_ReadXYZ) refers to adxl345.o(.text.ADXL345_ReadXYZ) for [Anonymous Symbol]
    startup_stm32f10x_md.o(STACK) refers (Special) to heapauxi.o(.text) for __use_two_region_memory
    startup_stm32f10x_md.o(HEAP) refers (Special) to heapauxi.o(.text) for __use_two_region_memory
    startup_stm32f10x_md.o(RESET) refers (Special) to heapauxi.o(.text) for __use_two_region_memory
    startup_stm32f10x_md.o(RESET) refers to startup_stm32f10x_md.o(STACK) for __initial_sp
    startup_stm32f10x_md.o(RESET) refers to startup_stm32f10x_md.o(.text) for Reset_Handler
    startup_stm32f10x_md.o(RESET) refers to systick.o(.text.SysTick_Handler) for SysTick_Handler
    startup_stm32f10x_md.o(.text) refers (Special) to heapauxi.o(.text) for __use_two_region_memory
    startup_stm32f10x_md.o(.text) refers to system_stm32f10x.o(.text.SystemInit) for SystemInit
    startup_stm32f10x_md.o(.text) refers to __main.o(!!!main) for __main
    startup_stm32f10x_md.o(.text) refers to startup_stm32f10x_md.o(HEAP) for Heap_Mem
    startup_stm32f10x_md.o(.text) refers to startup_stm32f10x_md.o(STACK) for Stack_Mem
    system_stm32f10x.o(.ARM.exidx.text.SystemInit) refers to system_stm32f10x.o(.text.SystemInit) for [Anonymous Symbol]
    system_stm32f10x.o(.text.SystemCoreClockUpdate) refers to system_stm32f10x.o(.data.SystemCoreClock) for SystemCoreClock
    system_stm32f10x.o(.text.SystemCoreClockUpdate) refers to system_stm32f10x.o(.rodata.AHBPrescTable) for AHBPrescTable
    system_stm32f10x.o(.ARM.exidx.text.SystemCoreClockUpdate) refers to system_stm32f10x.o(.text.SystemCoreClockUpdate) for [Anonymous Symbol]
    __2snprintf.o(.text) refers to _printf_char_common.o(.text) for _printf_char_common
    __2snprintf.o(.text) refers to _snputc.o(.text) for _snputc
    noretval__2snprintf.o(.text) refers to _printf_char_common.o(.text) for _printf_char_common
    noretval__2snprintf.o(.text) refers to _snputc.o(.text) for _snputc
    __printf.o(.text) refers to _printf_percent.o(.ARM.Collect$$_printf_percent$$00000000) for _printf_percent
    _printf_dec.o(.text) refers to _printf_intcommon.o(.text) for _printf_int_common
    __printf_flags.o(.text) refers to _printf_percent.o(.ARM.Collect$$_printf_percent$$00000000) for _printf_percent
    __printf_flags.o(.text) refers to __printf_flags.o(.constdata) for .constdata
    __printf_ss.o(.text) refers to _printf_percent.o(.ARM.Collect$$_printf_percent$$00000000) for _printf_percent
    __printf_flags_ss.o(.text) refers to _printf_percent.o(.ARM.Collect$$_printf_percent$$00000000) for _printf_percent
    __printf_flags_ss.o(.text) refers to __printf_flags_ss.o(.constdata) for .constdata
    __printf_wp.o(.text) refers to __printf_wp.o(i._is_digit) for _is_digit
    __printf_wp.o(.text) refers to _printf_percent.o(.ARM.Collect$$_printf_percent$$00000000) for _printf_percent
    __printf_flags_wp.o(.text) refers to __printf_wp.o(i._is_digit) for _is_digit
    __printf_flags_wp.o(.text) refers to _printf_percent.o(.ARM.Collect$$_printf_percent$$00000000) for _printf_percent
    __printf_flags_wp.o(.text) refers to __printf_flags_wp.o(.constdata) for .constdata
    __printf_ss_wp.o(.text) refers to __printf_wp.o(i._is_digit) for _is_digit
    __printf_ss_wp.o(.text) refers to _printf_percent.o(.ARM.Collect$$_printf_percent$$00000000) for _printf_percent
    __printf_flags_ss_wp.o(.text) refers to __printf_wp.o(i._is_digit) for _is_digit
    __printf_flags_ss_wp.o(.text) refers to _printf_percent.o(.ARM.Collect$$_printf_percent$$00000000) for _printf_percent
    __printf_flags_ss_wp.o(.text) refers to __printf_flags_ss_wp.o(.constdata) for .constdata
    _printf_d.o(.ARM.Collect$$_printf_percent$$00000009) refers (Weak) to _printf_dec.o(.text) for _printf_int_dec
    _printf_percent.o(.ARM.Collect$$_printf_percent$$00000000) refers (Special) to _printf_percent_end.o(.ARM.Collect$$_printf_percent$$00000017) for _printf_percent_end
    __main.o(!!!main) refers to __rtentry.o(.ARM.Collect$$rtentry$$00000000) for __rt_entry
    __rtentry.o(.ARM.Collect$$rtentry$$00000000) refers (Special) to __rtentry2.o(.ARM.Collect$$rtentry$$0000000A) for __rt_entry_li
    __rtentry.o(.ARM.Collect$$rtentry$$00000000) refers (Special) to __rtentry2.o(.ARM.Collect$$rtentry$$0000000D) for __rt_entry_main
    __rtentry.o(.ARM.Collect$$rtentry$$00000000) refers (Special) to __rtentry2.o(.ARM.Collect$$rtentry$$0000000C) for __rt_entry_postli_1
    __rtentry.o(.ARM.Collect$$rtentry$$00000000) refers (Special) to __rtentry2.o(.ARM.Collect$$rtentry$$00000009) for __rt_entry_postsh_1
    __rtentry.o(.ARM.Collect$$rtentry$$00000000) refers (Special) to __rtentry2.o(.ARM.Collect$$rtentry$$00000002) for __rt_entry_presh_1
    __rtentry.o(.ARM.Collect$$rtentry$$00000000) refers (Special) to __rtentry4.o(.ARM.Collect$$rtentry$$00000004) for __rt_entry_sh
    _printf_char_common.o(.text) refers to __printf.o(.text) for __printf
    __rtentry2.o(.ARM.Collect$$rtentry$$00000008) refers to boardinit2.o(.text) for _platform_post_stackheap_init
    __rtentry2.o(.ARM.Collect$$rtentry$$0000000A) refers to libinit.o(.ARM.Collect$$libinit$$00000000) for __rt_lib_init
    __rtentry2.o(.ARM.Collect$$rtentry$$0000000B) refers to boardinit3.o(.text) for _platform_post_lib_init
    __rtentry2.o(.ARM.Collect$$rtentry$$0000000D) refers to main.o(.text.main) for main
    __rtentry2.o(.ARM.Collect$$rtentry$$0000000D) refers to exit.o(.text) for exit
    __rtentry2.o(.ARM.exidx) refers to __rtentry2.o(.ARM.Collect$$rtentry$$00000001) for .ARM.Collect$$rtentry$$00000001
    __rtentry2.o(.ARM.exidx) refers to __rtentry2.o(.ARM.Collect$$rtentry$$00000008) for .ARM.Collect$$rtentry$$00000008
    __rtentry2.o(.ARM.exidx) refers to __rtentry2.o(.ARM.Collect$$rtentry$$0000000A) for .ARM.Collect$$rtentry$$0000000A
    __rtentry2.o(.ARM.exidx) refers to __rtentry2.o(.ARM.Collect$$rtentry$$0000000B) for .ARM.Collect$$rtentry$$0000000B
    __rtentry2.o(.ARM.exidx) refers to __rtentry2.o(.ARM.Collect$$rtentry$$0000000D) for .ARM.Collect$$rtentry$$0000000D
    __rtentry4.o(.ARM.Collect$$rtentry$$00000004) refers to sys_stackheap_outer.o(.text) for __user_setup_stackheap
    __rtentry4.o(.ARM.exidx) refers to __rtentry4.o(.ARM.Collect$$rtentry$$00000004) for .ARM.Collect$$rtentry$$00000004
    sys_stackheap_outer.o(.text) refers to libspace.o(.text) for __user_perproc_libspace
    sys_stackheap_outer.o(.text) refers to startup_stm32f10x_md.o(.text) for __user_initial_stackheap
    exit.o(.text) refers to rtexit.o(.ARM.Collect$$rtexit$$00000000) for __rt_exit
    libinit.o(.ARM.Collect$$libinit$$00000000) refers (Special) to libinit2.o(.ARM.Collect$$libinit$$00000030) for __rt_lib_init_alloca_1
    libinit.o(.ARM.Collect$$libinit$$00000000) refers (Special) to libinit2.o(.ARM.Collect$$libinit$$0000002E) for __rt_lib_init_argv_1
    libinit.o(.ARM.Collect$$libinit$$00000000) refers (Special) to libinit2.o(.ARM.Collect$$libinit$$0000001D) for __rt_lib_init_atexit_1
    libinit.o(.ARM.Collect$$libinit$$00000000) refers (Special) to libinit2.o(.ARM.Collect$$libinit$$00000023) for __rt_lib_init_clock_1
    libinit.o(.ARM.Collect$$libinit$$00000000) refers (Special) to libinit2.o(.ARM.Collect$$libinit$$00000034) for __rt_lib_init_cpp_1
    libinit.o(.ARM.Collect$$libinit$$00000000) refers (Special) to libinit2.o(.ARM.Collect$$libinit$$00000032) for __rt_lib_init_exceptions_1
    libinit.o(.ARM.Collect$$libinit$$00000000) refers (Special) to libinit2.o(.ARM.Collect$$libinit$$00000002) for __rt_lib_init_fp_1
    libinit.o(.ARM.Collect$$libinit$$00000000) refers (Special) to libinit2.o(.ARM.Collect$$libinit$$00000021) for __rt_lib_init_fp_trap_1
    libinit.o(.ARM.Collect$$libinit$$00000000) refers (Special) to libinit2.o(.ARM.Collect$$libinit$$00000025) for __rt_lib_init_getenv_1
    libinit.o(.ARM.Collect$$libinit$$00000000) refers (Special) to libinit2.o(.ARM.Collect$$libinit$$0000000C) for __rt_lib_init_heap_1
    libinit.o(.ARM.Collect$$libinit$$00000000) refers (Special) to libinit2.o(.ARM.Collect$$libinit$$00000013) for __rt_lib_init_lc_collate_1
    libinit.o(.ARM.Collect$$libinit$$00000000) refers (Special) to libinit2.o(.ARM.Collect$$libinit$$00000015) for __rt_lib_init_lc_ctype_1
    libinit.o(.ARM.Collect$$libinit$$00000000) refers (Special) to libinit2.o(.ARM.Collect$$libinit$$00000017) for __rt_lib_init_lc_monetary_1
    libinit.o(.ARM.Collect$$libinit$$00000000) refers (Special) to libinit2.o(.ARM.Collect$$libinit$$00000019) for __rt_lib_init_lc_numeric_1
    libinit.o(.ARM.Collect$$libinit$$00000000) refers (Special) to libinit2.o(.ARM.Collect$$libinit$$0000001B) for __rt_lib_init_lc_time_1
    libinit.o(.ARM.Collect$$libinit$$00000000) refers (Special) to libinit2.o(.ARM.Collect$$libinit$$00000006) for __rt_lib_init_preinit_1
    libinit.o(.ARM.Collect$$libinit$$00000000) refers (Special) to libinit2.o(.ARM.Collect$$libinit$$00000010) for __rt_lib_init_rand_1
    libinit.o(.ARM.Collect$$libinit$$00000000) refers (Special) to libinit2.o(.ARM.Collect$$libinit$$00000004) for __rt_lib_init_relocate_pie_1
    libinit.o(.ARM.Collect$$libinit$$00000000) refers (Special) to libinit2.o(.ARM.Collect$$libinit$$00000035) for __rt_lib_init_return
    libinit.o(.ARM.Collect$$libinit$$00000000) refers (Special) to libinit2.o(.ARM.Collect$$libinit$$0000001F) for __rt_lib_init_signal_1
    libinit.o(.ARM.Collect$$libinit$$00000000) refers (Special) to libinit2.o(.ARM.Collect$$libinit$$00000027) for __rt_lib_init_stdio_1
    libinit.o(.ARM.Collect$$libinit$$00000000) refers (Special) to libinit2.o(.ARM.Collect$$libinit$$0000000E) for __rt_lib_init_user_alloc_1
    libspace.o(.text) refers to libspace.o(.bss) for __libspace_start
    rtexit.o(.ARM.Collect$$rtexit$$00000000) refers (Special) to rtexit2.o(.ARM.Collect$$rtexit$$00000004) for __rt_exit_exit
    rtexit.o(.ARM.Collect$$rtexit$$00000000) refers (Special) to rtexit2.o(.ARM.Collect$$rtexit$$00000003) for __rt_exit_ls
    rtexit.o(.ARM.Collect$$rtexit$$00000000) refers (Special) to rtexit2.o(.ARM.Collect$$rtexit$$00000002) for __rt_exit_prels_1
    rtexit.o(.ARM.exidx) refers (Special) to rtexit2.o(.ARM.Collect$$rtexit$$00000004) for __rt_exit_exit
    rtexit.o(.ARM.exidx) refers (Special) to rtexit2.o(.ARM.Collect$$rtexit$$00000003) for __rt_exit_ls
    rtexit.o(.ARM.exidx) refers (Special) to rtexit2.o(.ARM.Collect$$rtexit$$00000002) for __rt_exit_prels_1
    rtexit.o(.ARM.exidx) refers to rtexit.o(.ARM.Collect$$rtexit$$00000000) for .ARM.Collect$$rtexit$$00000000
    libinit2.o(.ARM.Collect$$libinit$$00000012) refers to libinit2.o(.ARM.Collect$$libinit$$00000011) for .ARM.Collect$$libinit$$00000011
    libinit2.o(.ARM.Collect$$libinit$$00000014) refers to libinit2.o(.ARM.Collect$$libinit$$00000011) for .ARM.Collect$$libinit$$00000011
    libinit2.o(.ARM.Collect$$libinit$$00000016) refers to libinit2.o(.ARM.Collect$$libinit$$00000011) for .ARM.Collect$$libinit$$00000011
    libinit2.o(.ARM.Collect$$libinit$$00000018) refers to libinit2.o(.ARM.Collect$$libinit$$00000011) for .ARM.Collect$$libinit$$00000011
    libinit2.o(.ARM.Collect$$libinit$$0000001A) refers to libinit2.o(.ARM.Collect$$libinit$$00000011) for .ARM.Collect$$libinit$$00000011
    libinit2.o(.ARM.Collect$$libinit$$00000028) refers to argv_veneer.o(.emb_text) for __ARM_argv_veneer
    libinit2.o(.ARM.Collect$$libinit$$00000029) refers to argv_veneer.o(.emb_text) for __ARM_argv_veneer
    rtexit2.o(.ARM.Collect$$rtexit$$00000003) refers to libshutdown.o(.ARM.Collect$$libshutdown$$00000000) for __rt_lib_shutdown
    rtexit2.o(.ARM.Collect$$rtexit$$00000004) refers to sys_exit.o(.text) for _sys_exit
    rtexit2.o(.ARM.exidx) refers to rtexit2.o(.ARM.Collect$$rtexit$$00000001) for .ARM.Collect$$rtexit$$00000001
    rtexit2.o(.ARM.exidx) refers to rtexit2.o(.ARM.Collect$$rtexit$$00000003) for .ARM.Collect$$rtexit$$00000003
    rtexit2.o(.ARM.exidx) refers to rtexit2.o(.ARM.Collect$$rtexit$$00000004) for .ARM.Collect$$rtexit$$00000004
    argv_veneer.o(.emb_text) refers to no_argv.o(.text) for __ARM_get_argv
    sys_exit.o(.text) refers (Special) to use_no_semi.o(.text) for __I$use$semihosting
    sys_exit.o(.text) refers (Special) to indicate_semi.o(.text) for __semihosting_library_function
    sys_exit_hlt.o(.text) refers (Special) to use_no_semi.o(.text) for __I$use$semihosting
    sys_exit_hlt.o(.text) refers (Special) to indicate_semi.o(.text) for __semihosting_library_function
    _get_argv_nomalloc.o(.text) refers (Special) to hrguard.o(.text) for __heap_region$guard
    _get_argv_nomalloc.o(.text) refers to defsig_rtmem_outer.o(.text) for __rt_SIGRTMEM
    _get_argv_nomalloc.o(.text) refers to sys_command.o(.text) for _sys_command_string
    libshutdown.o(.ARM.Collect$$libshutdown$$00000000) refers (Special) to libshutdown2.o(.ARM.Collect$$libshutdown$$00000002) for __rt_lib_shutdown_cpp_1
    libshutdown.o(.ARM.Collect$$libshutdown$$00000000) refers (Special) to libshutdown2.o(.ARM.Collect$$libshutdown$$00000007) for __rt_lib_shutdown_fp_trap_1
    libshutdown.o(.ARM.Collect$$libshutdown$$00000000) refers (Special) to libshutdown2.o(.ARM.Collect$$libshutdown$$0000000F) for __rt_lib_shutdown_heap_1
    libshutdown.o(.ARM.Collect$$libshutdown$$00000000) refers (Special) to libshutdown2.o(.ARM.Collect$$libshutdown$$00000010) for __rt_lib_shutdown_return
    libshutdown.o(.ARM.Collect$$libshutdown$$00000000) refers (Special) to libshutdown2.o(.ARM.Collect$$libshutdown$$0000000A) for __rt_lib_shutdown_signal_1
    libshutdown.o(.ARM.Collect$$libshutdown$$00000000) refers (Special) to libshutdown2.o(.ARM.Collect$$libshutdown$$00000004) for __rt_lib_shutdown_stdio_1
    libshutdown.o(.ARM.Collect$$libshutdown$$00000000) refers (Special) to libshutdown2.o(.ARM.Collect$$libshutdown$$0000000C) for __rt_lib_shutdown_user_alloc_1
    sys_command.o(.text) refers (Special) to use_no_semi.o(.text) for __I$use$semihosting
    sys_command.o(.text) refers (Special) to indicate_semi.o(.text) for __semihosting_library_function
    sys_command_hlt.o(.text) refers (Special) to use_no_semi.o(.text) for __I$use$semihosting
    sys_command_hlt.o(.text) refers (Special) to indicate_semi.o(.text) for __semihosting_library_function
    defsig_rtmem_outer.o(.text) refers to defsig_rtmem_inner.o(.text) for __rt_SIGRTMEM_inner
    defsig_rtmem_outer.o(.text) refers to defsig_exit.o(.text) for __sig_exit
    defsig_rtmem_formal.o(.text) refers to rt_raise.o(.text) for __rt_raise
    rt_raise.o(.text) refers to __raise.o(.text) for __raise
    rt_raise.o(.text) refers to sys_exit.o(.text) for _sys_exit
    defsig_exit.o(.text) refers to sys_exit.o(.text) for _sys_exit
    defsig_rtmem_inner.o(.text) refers to defsig_general.o(.text) for __default_signal_display
    __raise.o(.text) refers to defsig.o(CL$$defsig) for __default_signal_handler
    defsig_general.o(.text) refers to sys_wrch.o(.text) for _ttywrch
    sys_wrch.o(.text) refers (Special) to use_no_semi.o(.text) for __I$use$semihosting
    sys_wrch.o(.text) refers (Special) to indicate_semi.o(.text) for __semihosting_library_function
    sys_wrch_hlt.o(.text) refers (Special) to use_no_semi.o(.text) for __I$use$semihosting
    sys_wrch_hlt.o(.text) refers (Special) to indicate_semi.o(.text) for __semihosting_library_function
    defsig.o(CL$$defsig) refers to defsig_rtmem_inner.o(.text) for __rt_SIGRTMEM_inner
    defsig_abrt_inner.o(.text) refers to defsig_general.o(.text) for __default_signal_display
    defsig_fpe_inner.o(.text) refers to defsig_general.o(.text) for __default_signal_display
    defsig_rtred_inner.o(.text) refers to defsig_general.o(.text) for __default_signal_display
    defsig_stak_inner.o(.text) refers to defsig_general.o(.text) for __default_signal_display
    defsig_pvfn_inner.o(.text) refers to defsig_general.o(.text) for __default_signal_display
    defsig_cppl_inner.o(.text) refers to defsig_general.o(.text) for __default_signal_display
    defsig_segv_inner.o(.text) refers to defsig_general.o(.text) for __default_signal_display
    defsig_other.o(.text) refers to defsig_general.o(.text) for __default_signal_display


==============================================================================

Removing Unused input sections from the image.

    Removing main.o(.text), (0 bytes).
    Removing main.o(.ARM.exidx.text.main), (8 bytes).
    Removing main.o(.ARM.use_no_argv), (4 bytes).
    Removing i2c_lcd.o(.text), (0 bytes).
    Removing i2c_lcd.o(.text.add_slave), (8 bytes).
    Removing i2c_lcd.o(.ARM.exidx.text.add_slave), (8 bytes).
    Removing i2c_lcd.o(.text.trans_slave), (38 bytes).
    Removing i2c_lcd.o(.ARM.exidx.text.trans_slave), (8 bytes).
    Removing i2c_lcd.o(.ARM.exidx.text.lcd_i2c_data), (8 bytes).
    Removing i2c_lcd.o(.ARM.exidx.text.lcd_i2c_cmd), (8 bytes).
    Removing i2c_lcd.o(.ARM.exidx.text.lcd_i2c_init), (8 bytes).
    Removing i2c_lcd.o(.text.lcd_i2c_send), (44 bytes).
    Removing i2c_lcd.o(.ARM.exidx.text.lcd_i2c_send), (8 bytes).
    Removing i2c_lcd.o(.ARM.exidx.text.lcd_i2c_msg), (8 bytes).
    Removing i2c.o(.text), (0 bytes).
    Removing i2c.o(.ARM.exidx.text.i2c_init), (8 bytes).
    Removing i2c.o(.ARM.exidx.text.i2c_start), (8 bytes).
    Removing i2c.o(.ARM.exidx.text.i2c_add), (8 bytes).
    Removing i2c.o(.ARM.exidx.text.i2c_data), (8 bytes).
    Removing i2c.o(.ARM.exidx.text.i2c_stop), (8 bytes).
    Removing i2c.o(.ARM.exidx.text.i2c_write), (8 bytes).
    Removing i2c.o(.ARM.exidx.text.i2c_read), (8 bytes).
    Removing gpio.o(.text), (0 bytes).
    Removing gpio.o(.ARM.exidx.text.gpio_init), (8 bytes).
    Removing gpio.o(.text.gpio_write), (78 bytes).
    Removing gpio.o(.ARM.exidx.text.gpio_write), (8 bytes).
    Removing gpio.o(.text.gpio_read), (48 bytes).
    Removing gpio.o(.ARM.exidx.text.gpio_read), (8 bytes).
    Removing systick.o(.text), (0 bytes).
    Removing systick.o(.ARM.exidx.text.SysTick_Handler), (8 bytes).
    Removing systick.o(.ARM.exidx.text.get_tick), (8 bytes).
    Removing systick.o(.ARM.exidx.text.systick_init), (8 bytes).
    Removing systick.o(.ARM.exidx.text.delay_us), (8 bytes).
    Removing systick.o(.ARM.exidx.text.delay_ms), (8 bytes).
    Removing adxl345.o(.text), (0 bytes).
    Removing adxl345.o(.ARM.exidx.text.ADXL345_Init), (8 bytes).
    Removing adxl345.o(.ARM.exidx.text.ADXL345_ReadXYZ), (8 bytes).
    Removing system_stm32f10x.o(.text), (0 bytes).
    Removing system_stm32f10x.o(.ARM.exidx.text.SystemInit), (8 bytes).
    Removing system_stm32f10x.o(.text.SystemCoreClockUpdate), (94 bytes).
    Removing system_stm32f10x.o(.ARM.exidx.text.SystemCoreClockUpdate), (8 bytes).
    Removing system_stm32f10x.o(.rodata.AHBPrescTable), (16 bytes).

42 unused section(s) (total 546 bytes) removed from the image.

==============================================================================

Image Symbol Table

    Local Symbols

    Symbol Name                              Value     Ov Type        Size  Object(Section)

    ../clib/angel/boardlib.s                 0x00000000   Number         0  boardinit1.o ABSOLUTE
    ../clib/angel/boardlib.s                 0x00000000   Number         0  boardinit2.o ABSOLUTE
    ../clib/angel/boardlib.s                 0x00000000   Number         0  boardinit3.o ABSOLUTE
    ../clib/angel/boardlib.s                 0x00000000   Number         0  boardshut.o ABSOLUTE
    ../clib/angel/handlers.s                 0x00000000   Number         0  __scatter_copy.o ABSOLUTE
    ../clib/angel/handlers.s                 0x00000000   Number         0  __scatter_zi.o ABSOLUTE
    ../clib/angel/kernel.s                   0x00000000   Number         0  __rtentry.o ABSOLUTE
    ../clib/angel/kernel.s                   0x00000000   Number         0  __rtentry2.o ABSOLUTE
    ../clib/angel/kernel.s                   0x00000000   Number         0  __rtentry4.o ABSOLUTE
    ../clib/angel/kernel.s                   0x00000000   Number         0  rtexit.o ABSOLUTE
    ../clib/angel/kernel.s                   0x00000000   Number         0  rtexit2.o ABSOLUTE
    ../clib/angel/rt.s                       0x00000000   Number         0  rt_raise.o ABSOLUTE
    ../clib/angel/scatter.s                  0x00000000   Number         0  __scatter.o ABSOLUTE
    ../clib/angel/startup.s                  0x00000000   Number         0  __main.o ABSOLUTE
    ../clib/angel/sys.s                      0x00000000   Number         0  sys_stackheap_outer.o ABSOLUTE
    ../clib/angel/sys.s                      0x00000000   Number         0  libspace.o ABSOLUTE
    ../clib/angel/sys.s                      0x00000000   Number         0  use_no_semi.o ABSOLUTE
    ../clib/angel/sys.s                      0x00000000   Number         0  indicate_semi.o ABSOLUTE
    ../clib/angel/sysapp.c                   0x00000000   Number         0  sys_exit.o ABSOLUTE
    ../clib/angel/sysapp.c                   0x00000000   Number         0  sys_exit_hlt.o ABSOLUTE
    ../clib/angel/sysapp.c                   0x00000000   Number         0  sys_command.o ABSOLUTE
    ../clib/angel/sysapp.c                   0x00000000   Number         0  sys_command_hlt.o ABSOLUTE
    ../clib/angel/sysapp.c                   0x00000000   Number         0  sys_wrch.o ABSOLUTE
    ../clib/angel/sysapp.c                   0x00000000   Number         0  sys_wrch_hlt.o ABSOLUTE
    ../clib/armsys.c                         0x00000000   Number         0  argv_veneer.o ABSOLUTE
    ../clib/armsys.c                         0x00000000   Number         0  argv_veneer.o ABSOLUTE
    ../clib/armsys.c                         0x00000000   Number         0  _get_argv_nomalloc.o ABSOLUTE
    ../clib/armsys.c                         0x00000000   Number         0  no_argv.o ABSOLUTE
    ../clib/heapalloc.c                      0x00000000   Number         0  hrguard.o ABSOLUTE
    ../clib/heapaux.c                        0x00000000   Number         0  heapauxi.o ABSOLUTE
    ../clib/libinit.s                        0x00000000   Number         0  libinit.o ABSOLUTE
    ../clib/libinit.s                        0x00000000   Number         0  libinit2.o ABSOLUTE
    ../clib/libinit.s                        0x00000000   Number         0  libshutdown.o ABSOLUTE
    ../clib/libinit.s                        0x00000000   Number         0  libshutdown2.o ABSOLUTE
    ../clib/printf.c                         0x00000000   Number         0  __2snprintf.o ABSOLUTE
    ../clib/printf.c                         0x00000000   Number         0  noretval__2snprintf.o ABSOLUTE
    ../clib/printf.c                         0x00000000   Number         0  __printf.o ABSOLUTE
    ../clib/printf.c                         0x00000000   Number         0  _printf_dec.o ABSOLUTE
    ../clib/printf.c                         0x00000000   Number         0  __printf_flags.o ABSOLUTE
    ../clib/printf.c                         0x00000000   Number         0  __printf_ss.o ABSOLUTE
    ../clib/printf.c                         0x00000000   Number         0  __printf_flags_ss.o ABSOLUTE
    ../clib/printf.c                         0x00000000   Number         0  __printf_wp.o ABSOLUTE
    ../clib/printf.c                         0x00000000   Number         0  __printf_flags_wp.o ABSOLUTE
    ../clib/printf.c                         0x00000000   Number         0  __printf_ss_wp.o ABSOLUTE
    ../clib/printf.c                         0x00000000   Number         0  __printf_flags_ss_wp.o ABSOLUTE
    ../clib/printf.c                         0x00000000   Number         0  _printf_intcommon.o ABSOLUTE
    ../clib/printf.c                         0x00000000   Number         0  _printf_char_common.o ABSOLUTE
    ../clib/printf.c                         0x00000000   Number         0  _snputc.o ABSOLUTE
    ../clib/printf.c                         0x00000000   Number         0  __printf_nopercent.o ABSOLUTE
    ../clib/printf_percent.s                 0x00000000   Number         0  _printf_d.o ABSOLUTE
    ../clib/printf_percent.s                 0x00000000   Number         0  _printf_percent.o ABSOLUTE
    ../clib/printf_percent.s                 0x00000000   Number         0  _printf_percent_end.o ABSOLUTE
    ../clib/signal.c                         0x00000000   Number         0  defsig_rtmem_outer.o ABSOLUTE
    ../clib/signal.c                         0x00000000   Number         0  defsig_rtmem_formal.o ABSOLUTE
    ../clib/signal.c                         0x00000000   Number         0  defsig_exit.o ABSOLUTE
    ../clib/signal.c                         0x00000000   Number         0  defsig_rtmem_inner.o ABSOLUTE
    ../clib/signal.c                         0x00000000   Number         0  __raise.o ABSOLUTE
    ../clib/signal.c                         0x00000000   Number         0  defsig_general.o ABSOLUTE
    ../clib/signal.c                         0x00000000   Number         0  defsig_abrt_inner.o ABSOLUTE
    ../clib/signal.c                         0x00000000   Number         0  defsig_fpe_inner.o ABSOLUTE
    ../clib/signal.c                         0x00000000   Number         0  defsig_rtred_inner.o ABSOLUTE
    ../clib/signal.c                         0x00000000   Number         0  defsig_stak_inner.o ABSOLUTE
    ../clib/signal.c                         0x00000000   Number         0  defsig_pvfn_inner.o ABSOLUTE
    ../clib/signal.c                         0x00000000   Number         0  defsig_cppl_inner.o ABSOLUTE
    ../clib/signal.c                         0x00000000   Number         0  defsig_segv_inner.o ABSOLUTE
    ../clib/signal.c                         0x00000000   Number         0  defsig_other.o ABSOLUTE
    ../clib/signal.s                         0x00000000   Number         0  defsig.o ABSOLUTE
    ../clib/stdlib.c                         0x00000000   Number         0  exit.o ABSOLUTE
    ../fplib/fpinit.s                        0x00000000   Number         0  fpinit.o ABSOLUTE
    ../fplib/fpinit_empty.s                  0x00000000   Number         0  fpinit_empty.o ABSOLUTE
    RTE/Device/STM32F103C8/startup_stm32f10x_md.s 0x00000000   Number         0  startup_stm32f10x_md.o ABSOLUTE
    adxl345.c                                0x00000000   Number         0  adxl345.o ABSOLUTE
    dc.s                                     0x00000000   Number         0  dc.o ABSOLUTE
    gpio.c                                   0x00000000   Number         0  gpio.o ABSOLUTE
    i2c.c                                    0x00000000   Number         0  i2c.o ABSOLUTE
    i2c_Lcd.c                                0x00000000   Number         0  i2c_lcd.o ABSOLUTE
    main.c                                   0x00000000   Number         0  main.o ABSOLUTE
    system_stm32f10x.c                       0x00000000   Number         0  system_stm32f10x.o ABSOLUTE
    systick.c                                0x00000000   Number         0  systick.o ABSOLUTE
    RESET                                    0x08000000   Section      236  startup_stm32f10x_md.o(RESET)
    !!!main                                  0x080000ec   Section        8  __main.o(!!!main)
    !!!scatter                               0x080000f4   Section       92  __scatter.o(!!!scatter)
    !!handler_copy                           0x08000150   Section       26  __scatter_copy.o(!!handler_copy)
    !!handler_null                           0x0800016c   Section        2  __scatter.o(!!handler_null)
    !!handler_zi                             0x08000170   Section       28  __scatter_zi.o(!!handler_zi)
    .ARM.Collect$$_printf_percent$$00000000  0x0800018c   Section        0  _printf_percent.o(.ARM.Collect$$_printf_percent$$00000000)
    .ARM.Collect$$_printf_percent$$00000009  0x0800018c   Section        6  _printf_d.o(.ARM.Collect$$_printf_percent$$00000009)
    .ARM.Collect$$_printf_percent$$00000017  0x08000192   Section        4  _printf_percent_end.o(.ARM.Collect$$_printf_percent$$00000017)
    .ARM.Collect$$libinit$$00000000          0x08000196   Section        2  libinit.o(.ARM.Collect$$libinit$$00000000)
    .ARM.Collect$$libinit$$00000002          0x08000198   Section        0  libinit2.o(.ARM.Collect$$libinit$$00000002)
    .ARM.Collect$$libinit$$00000004          0x08000198   Section        0  libinit2.o(.ARM.Collect$$libinit$$00000004)
    .ARM.Collect$$libinit$$00000006          0x08000198   Section        0  libinit2.o(.ARM.Collect$$libinit$$00000006)
    .ARM.Collect$$libinit$$0000000C          0x08000198   Section        0  libinit2.o(.ARM.Collect$$libinit$$0000000C)
    .ARM.Collect$$libinit$$0000000E          0x08000198   Section        0  libinit2.o(.ARM.Collect$$libinit$$0000000E)
    .ARM.Collect$$libinit$$00000010          0x08000198   Section        0  libinit2.o(.ARM.Collect$$libinit$$00000010)
    .ARM.Collect$$libinit$$00000013          0x08000198   Section        0  libinit2.o(.ARM.Collect$$libinit$$00000013)
    .ARM.Collect$$libinit$$00000015          0x08000198   Section        0  libinit2.o(.ARM.Collect$$libinit$$00000015)
    .ARM.Collect$$libinit$$00000017          0x08000198   Section        0  libinit2.o(.ARM.Collect$$libinit$$00000017)
    .ARM.Collect$$libinit$$00000019          0x08000198   Section        0  libinit2.o(.ARM.Collect$$libinit$$00000019)
    .ARM.Collect$$libinit$$0000001B          0x08000198   Section        0  libinit2.o(.ARM.Collect$$libinit$$0000001B)
    .ARM.Collect$$libinit$$0000001D          0x08000198   Section        0  libinit2.o(.ARM.Collect$$libinit$$0000001D)
    .ARM.Collect$$libinit$$0000001F          0x08000198   Section        0  libinit2.o(.ARM.Collect$$libinit$$0000001F)
    .ARM.Collect$$libinit$$00000021          0x08000198   Section        0  libinit2.o(.ARM.Collect$$libinit$$00000021)
    .ARM.Collect$$libinit$$00000023          0x08000198   Section        0  libinit2.o(.ARM.Collect$$libinit$$00000023)
    .ARM.Collect$$libinit$$00000025          0x08000198   Section        0  libinit2.o(.ARM.Collect$$libinit$$00000025)
    .ARM.Collect$$libinit$$00000027          0x08000198   Section        0  libinit2.o(.ARM.Collect$$libinit$$00000027)
    .ARM.Collect$$libinit$$0000002E          0x08000198   Section        0  libinit2.o(.ARM.Collect$$libinit$$0000002E)
    .ARM.Collect$$libinit$$00000030          0x08000198   Section        0  libinit2.o(.ARM.Collect$$libinit$$00000030)
    .ARM.Collect$$libinit$$00000032          0x08000198   Section        0  libinit2.o(.ARM.Collect$$libinit$$00000032)
    .ARM.Collect$$libinit$$00000034          0x08000198   Section        0  libinit2.o(.ARM.Collect$$libinit$$00000034)
    .ARM.Collect$$libinit$$00000035          0x08000198   Section        2  libinit2.o(.ARM.Collect$$libinit$$00000035)
    .ARM.Collect$$libshutdown$$00000000      0x0800019a   Section        2  libshutdown.o(.ARM.Collect$$libshutdown$$00000000)
    .ARM.Collect$$libshutdown$$00000002      0x0800019c   Section        0  libshutdown2.o(.ARM.Collect$$libshutdown$$00000002)
    .ARM.Collect$$libshutdown$$00000004      0x0800019c   Section        0  libshutdown2.o(.ARM.Collect$$libshutdown$$00000004)
    .ARM.Collect$$libshutdown$$00000007      0x0800019c   Section        0  libshutdown2.o(.ARM.Collect$$libshutdown$$00000007)
    .ARM.Collect$$libshutdown$$0000000A      0x0800019c   Section        0  libshutdown2.o(.ARM.Collect$$libshutdown$$0000000A)
    .ARM.Collect$$libshutdown$$0000000C      0x0800019c   Section        0  libshutdown2.o(.ARM.Collect$$libshutdown$$0000000C)
    .ARM.Collect$$libshutdown$$0000000F      0x0800019c   Section        0  libshutdown2.o(.ARM.Collect$$libshutdown$$0000000F)
    .ARM.Collect$$libshutdown$$00000010      0x0800019c   Section        2  libshutdown2.o(.ARM.Collect$$libshutdown$$00000010)
    .ARM.Collect$$rtentry$$00000000          0x0800019e   Section        0  __rtentry.o(.ARM.Collect$$rtentry$$00000000)
    .ARM.Collect$$rtentry$$00000002          0x0800019e   Section        0  __rtentry2.o(.ARM.Collect$$rtentry$$00000002)
    .ARM.Collect$$rtentry$$00000004          0x0800019e   Section        6  __rtentry4.o(.ARM.Collect$$rtentry$$00000004)
    .ARM.Collect$$rtentry$$00000009          0x080001a4   Section        0  __rtentry2.o(.ARM.Collect$$rtentry$$00000009)
    .ARM.Collect$$rtentry$$0000000A          0x080001a4   Section        4  __rtentry2.o(.ARM.Collect$$rtentry$$0000000A)
    .ARM.Collect$$rtentry$$0000000C          0x080001a8   Section        0  __rtentry2.o(.ARM.Collect$$rtentry$$0000000C)
    .ARM.Collect$$rtentry$$0000000D          0x080001a8   Section        8  __rtentry2.o(.ARM.Collect$$rtentry$$0000000D)
    .ARM.Collect$$rtexit$$00000000           0x080001b0   Section        2  rtexit.o(.ARM.Collect$$rtexit$$00000000)
    .ARM.Collect$$rtexit$$00000002           0x080001b2   Section        0  rtexit2.o(.ARM.Collect$$rtexit$$00000002)
    .ARM.Collect$$rtexit$$00000003           0x080001b2   Section        4  rtexit2.o(.ARM.Collect$$rtexit$$00000003)
    .ARM.Collect$$rtexit$$00000004           0x080001b6   Section        6  rtexit2.o(.ARM.Collect$$rtexit$$00000004)
    .text                                    0x080001bc   Section       64  startup_stm32f10x_md.o(.text)
    .text                                    0x080001fc   Section        0  noretval__2snprintf.o(.text)
    .text                                    0x0800023c   Section        0  __printf.o(.text)
    .text                                    0x080002a4   Section        0  _printf_dec.o(.text)
    .text                                    0x0800031c   Section        0  heapauxi.o(.text)
    .text                                    0x08000322   Section        0  _printf_intcommon.o(.text)
    _printf_input_char                       0x080003d5   Thumb Code    10  _printf_char_common.o(.text)
    .text                                    0x080003d4   Section        0  _printf_char_common.o(.text)
    .text                                    0x08000404   Section        0  _snputc.o(.text)
    .text                                    0x08000414   Section       74  sys_stackheap_outer.o(.text)
    .text                                    0x0800045e   Section        0  exit.o(.text)
    .text                                    0x08000470   Section        8  libspace.o(.text)
    .text                                    0x08000478   Section        0  sys_exit.o(.text)
    .text                                    0x08000484   Section        2  use_no_semi.o(.text)
    .text                                    0x08000486   Section        0  indicate_semi.o(.text)
    [Anonymous Symbol]                       0x08000488   Section        0  adxl345.o(.text.ADXL345_Init)
    [Anonymous Symbol]                       0x080004a4   Section        0  adxl345.o(.text.ADXL345_ReadXYZ)
    [Anonymous Symbol]                       0x0800051c   Section        0  systick.o(.text.SysTick_Handler)
    [Anonymous Symbol]                       0x08000540   Section        0  system_stm32f10x.o(.text.SystemInit)
    [Anonymous Symbol]                       0x08000650   Section        0  systick.o(.text.delay_ms)
    [Anonymous Symbol]                       0x08000694   Section        0  systick.o(.text.delay_us)
    [Anonymous Symbol]                       0x080006b4   Section        0  systick.o(.text.get_tick)
    [Anonymous Symbol]                       0x080006c0   Section        0  gpio.o(.text.gpio_init)
    [Anonymous Symbol]                       0x08000858   Section        0  i2c.o(.text.i2c_add)
    [Anonymous Symbol]                       0x080008c8   Section        0  i2c.o(.text.i2c_data)
    [Anonymous Symbol]                       0x08000914   Section        0  i2c.o(.text.i2c_init)
    [Anonymous Symbol]                       0x080009b4   Section        0  i2c.o(.text.i2c_read)
    [Anonymous Symbol]                       0x08000a14   Section        0  i2c.o(.text.i2c_start)
    [Anonymous Symbol]                       0x08000a5c   Section        0  i2c.o(.text.i2c_stop)
    [Anonymous Symbol]                       0x08000a90   Section        0  i2c.o(.text.i2c_write)
    [Anonymous Symbol]                       0x08000bac   Section        0  i2c_lcd.o(.text.lcd_i2c_cmd)
    [Anonymous Symbol]                       0x08000cc4   Section        0  i2c_lcd.o(.text.lcd_i2c_data)
    [Anonymous Symbol]                       0x08000ddc   Section        0  i2c_lcd.o(.text.lcd_i2c_init)
    [Anonymous Symbol]                       0x08001064   Section        0  i2c_lcd.o(.text.lcd_i2c_msg)
    [Anonymous Symbol]                       0x080010a8   Section        0  main.o(.text.main)
    [Anonymous Symbol]                       0x0800120c   Section        0  systick.o(.text.systick_init)
    .bss                                     0x20000008   Section       96  libspace.o(.bss)
    Heap_Mem                                 0x20000070   Data         512  startup_stm32f10x_md.o(HEAP)
    HEAP                                     0x20000070   Section      512  startup_stm32f10x_md.o(HEAP)
    Stack_Mem                                0x20000270   Data        1024  startup_stm32f10x_md.o(STACK)
    STACK                                    0x20000270   Section     1024  startup_stm32f10x_md.o(STACK)
    __initial_sp                             0x20000670   Data           0  startup_stm32f10x_md.o(STACK)

    Global Symbols

    Symbol Name                              Value     Ov Type        Size  Object(Section)

    BuildAttributes$$THM_ISAv4$P$D$K$B$S$PE$A:L22UL41UL21$X:L11$S22US41US21$IEEE1$IW$~IW$USESV6$~STKCKD$USESV7$~SHL$OTIME$ROPI$EBA8$UX$STANDARDLIB$REQ8$PRES8$EABIv2 0x00000000   Number         0  anon$$obj.o ABSOLUTE
    __fp_init_empty                          0x00000000   Number         0  fpinit_empty.o ABSOLUTE
    __ARM_exceptions_init                     - Undefined Weak Reference
    __alloca_initialize                       - Undefined Weak Reference
    __arm_preinit_                            - Undefined Weak Reference
    __arm_relocate_pie_                       - Undefined Weak Reference
    __cpp_initialize__aeabi_                  - Undefined Weak Reference
    __cxa_finalize                            - Undefined Weak Reference
    __rt_locale                               - Undefined Weak Reference
    __sigvec_lookup                           - Undefined Weak Reference
    _atexit_init                              - Undefined Weak Reference
    _call_atexit_fns                          - Undefined Weak Reference
    _clock_init                               - Undefined Weak Reference
    _fp_trap_init                             - Undefined Weak Reference
    _fp_trap_shutdown                         - Undefined Weak Reference
    _get_lc_collate                           - Undefined Weak Reference
    _get_lc_ctype                             - Undefined Weak Reference
    _get_lc_monetary                          - Undefined Weak Reference
    _get_lc_numeric                           - Undefined Weak Reference
    _get_lc_time                              - Undefined Weak Reference
    _getenv_init                              - Undefined Weak Reference
    _handle_redirection                       - Undefined Weak Reference
    _init_alloc                               - Undefined Weak Reference
    _init_user_alloc                          - Undefined Weak Reference
    _initio                                   - Undefined Weak Reference
    _printf_post_padding                      - Undefined Weak Reference
    _printf_pre_padding                       - Undefined Weak Reference
    _printf_truncate_signed                   - Undefined Weak Reference
    _printf_truncate_unsigned                 - Undefined Weak Reference
    _rand_init                                - Undefined Weak Reference
    _signal_finish                            - Undefined Weak Reference
    _signal_init                              - Undefined Weak Reference
    _terminate_alloc                          - Undefined Weak Reference
    _terminate_user_alloc                     - Undefined Weak Reference
    _terminateio                              - Undefined Weak Reference
    __Vectors_Size                           0x000000ec   Number         0  startup_stm32f10x_md.o ABSOLUTE
    __Vectors                                0x08000000   Data           4  startup_stm32f10x_md.o(RESET)
    __Vectors_End                            0x080000ec   Data           0  startup_stm32f10x_md.o(RESET)
    __main                                   0x080000ed   Thumb Code     8  __main.o(!!!main)
    __scatterload                            0x080000f5   Thumb Code     0  __scatter.o(!!!scatter)
    __scatterload_rt2                        0x080000f5   Thumb Code    84  __scatter.o(!!!scatter)
    __scatterload_rt2_thumb_only             0x080000f5   Thumb Code     0  __scatter.o(!!!scatter)
    __scatterload_loop                       0x080000ff   Thumb Code     0  __scatter.o(!!!scatter)
    __scatterload_copy                       0x08000151   Thumb Code    26  __scatter_copy.o(!!handler_copy)
    __scatterload_null                       0x0800016d   Thumb Code     2  __scatter.o(!!handler_null)
    __scatterload_zeroinit                   0x08000171   Thumb Code    28  __scatter_zi.o(!!handler_zi)
    _printf_d                                0x0800018d   Thumb Code     0  _printf_d.o(.ARM.Collect$$_printf_percent$$00000009)
    _printf_percent                          0x0800018d   Thumb Code     0  _printf_percent.o(.ARM.Collect$$_printf_percent$$00000000)
    _printf_percent_end                      0x08000193   Thumb Code     0  _printf_percent_end.o(.ARM.Collect$$_printf_percent$$00000017)
    __rt_lib_init                            0x08000197   Thumb Code     0  libinit.o(.ARM.Collect$$libinit$$00000000)
    __rt_lib_init_alloca_1                   0x08000199   Thumb Code     0  libinit2.o(.ARM.Collect$$libinit$$00000030)
    __rt_lib_init_argv_1                     0x08000199   Thumb Code     0  libinit2.o(.ARM.Collect$$libinit$$0000002E)
    __rt_lib_init_atexit_1                   0x08000199   Thumb Code     0  libinit2.o(.ARM.Collect$$libinit$$0000001D)
    __rt_lib_init_clock_1                    0x08000199   Thumb Code     0  libinit2.o(.ARM.Collect$$libinit$$00000023)
    __rt_lib_init_cpp_1                      0x08000199   Thumb Code     0  libinit2.o(.ARM.Collect$$libinit$$00000034)
    __rt_lib_init_exceptions_1               0x08000199   Thumb Code     0  libinit2.o(.ARM.Collect$$libinit$$00000032)
    __rt_lib_init_fp_1                       0x08000199   Thumb Code     0  libinit2.o(.ARM.Collect$$libinit$$00000002)
    __rt_lib_init_fp_trap_1                  0x08000199   Thumb Code     0  libinit2.o(.ARM.Collect$$libinit$$00000021)
    __rt_lib_init_getenv_1                   0x08000199   Thumb Code     0  libinit2.o(.ARM.Collect$$libinit$$00000025)
    __rt_lib_init_heap_1                     0x08000199   Thumb Code     0  libinit2.o(.ARM.Collect$$libinit$$0000000C)
    __rt_lib_init_lc_collate_1               0x08000199   Thumb Code     0  libinit2.o(.ARM.Collect$$libinit$$00000013)
    __rt_lib_init_lc_ctype_1                 0x08000199   Thumb Code     0  libinit2.o(.ARM.Collect$$libinit$$00000015)
    __rt_lib_init_lc_monetary_1              0x08000199   Thumb Code     0  libinit2.o(.ARM.Collect$$libinit$$00000017)
    __rt_lib_init_lc_numeric_1               0x08000199   Thumb Code     0  libinit2.o(.ARM.Collect$$libinit$$00000019)
    __rt_lib_init_lc_time_1                  0x08000199   Thumb Code     0  libinit2.o(.ARM.Collect$$libinit$$0000001B)
    __rt_lib_init_preinit_1                  0x08000199   Thumb Code     0  libinit2.o(.ARM.Collect$$libinit$$00000006)
    __rt_lib_init_rand_1                     0x08000199   Thumb Code     0  libinit2.o(.ARM.Collect$$libinit$$00000010)
    __rt_lib_init_relocate_pie_1             0x08000199   Thumb Code     0  libinit2.o(.ARM.Collect$$libinit$$00000004)
    __rt_lib_init_return                     0x08000199   Thumb Code     0  libinit2.o(.ARM.Collect$$libinit$$00000035)
    __rt_lib_init_signal_1                   0x08000199   Thumb Code     0  libinit2.o(.ARM.Collect$$libinit$$0000001F)
    __rt_lib_init_stdio_1                    0x08000199   Thumb Code     0  libinit2.o(.ARM.Collect$$libinit$$00000027)
    __rt_lib_init_user_alloc_1               0x08000199   Thumb Code     0  libinit2.o(.ARM.Collect$$libinit$$0000000E)
    __rt_lib_shutdown                        0x0800019b   Thumb Code     0  libshutdown.o(.ARM.Collect$$libshutdown$$00000000)
    __rt_lib_shutdown_cpp_1                  0x0800019d   Thumb Code     0  libshutdown2.o(.ARM.Collect$$libshutdown$$00000002)
    __rt_lib_shutdown_fp_trap_1              0x0800019d   Thumb Code     0  libshutdown2.o(.ARM.Collect$$libshutdown$$00000007)
    __rt_lib_shutdown_heap_1                 0x0800019d   Thumb Code     0  libshutdown2.o(.ARM.Collect$$libshutdown$$0000000F)
    __rt_lib_shutdown_return                 0x0800019d   Thumb Code     0  libshutdown2.o(.ARM.Collect$$libshutdown$$00000010)
    __rt_lib_shutdown_signal_1               0x0800019d   Thumb Code     0  libshutdown2.o(.ARM.Collect$$libshutdown$$0000000A)
    __rt_lib_shutdown_stdio_1                0x0800019d   Thumb Code     0  libshutdown2.o(.ARM.Collect$$libshutdown$$00000004)
    __rt_lib_shutdown_user_alloc_1           0x0800019d   Thumb Code     0  libshutdown2.o(.ARM.Collect$$libshutdown$$0000000C)
    __rt_entry                               0x0800019f   Thumb Code     0  __rtentry.o(.ARM.Collect$$rtentry$$00000000)
    __rt_entry_presh_1                       0x0800019f   Thumb Code     0  __rtentry2.o(.ARM.Collect$$rtentry$$00000002)
    __rt_entry_sh                            0x0800019f   Thumb Code     0  __rtentry4.o(.ARM.Collect$$rtentry$$00000004)
    __rt_entry_li                            0x080001a5   Thumb Code     0  __rtentry2.o(.ARM.Collect$$rtentry$$0000000A)
    __rt_entry_postsh_1                      0x080001a5   Thumb Code     0  __rtentry2.o(.ARM.Collect$$rtentry$$00000009)
    __rt_entry_main                          0x080001a9   Thumb Code     0  __rtentry2.o(.ARM.Collect$$rtentry$$0000000D)
    __rt_entry_postli_1                      0x080001a9   Thumb Code     0  __rtentry2.o(.ARM.Collect$$rtentry$$0000000C)
    __rt_exit                                0x080001b1   Thumb Code     0  rtexit.o(.ARM.Collect$$rtexit$$00000000)
    __rt_exit_ls                             0x080001b3   Thumb Code     0  rtexit2.o(.ARM.Collect$$rtexit$$00000003)
    __rt_exit_prels_1                        0x080001b3   Thumb Code     0  rtexit2.o(.ARM.Collect$$rtexit$$00000002)
    __rt_exit_exit                           0x080001b7   Thumb Code     0  rtexit2.o(.ARM.Collect$$rtexit$$00000004)
    Reset_Handler                            0x080001bd   Thumb Code     8  startup_stm32f10x_md.o(.text)
    NMI_Handler                              0x080001c5   Thumb Code     2  startup_stm32f10x_md.o(.text)
    HardFault_Handler                        0x080001c7   Thumb Code     2  startup_stm32f10x_md.o(.text)
    MemManage_Handler                        0x080001c9   Thumb Code     2  startup_stm32f10x_md.o(.text)
    BusFault_Handler                         0x080001cb   Thumb Code     2  startup_stm32f10x_md.o(.text)
    UsageFault_Handler                       0x080001cd   Thumb Code     2  startup_stm32f10x_md.o(.text)
    SVC_Handler                              0x080001cf   Thumb Code     2  startup_stm32f10x_md.o(.text)
    DebugMon_Handler                         0x080001d1   Thumb Code     2  startup_stm32f10x_md.o(.text)
    PendSV_Handler                           0x080001d3   Thumb Code     2  startup_stm32f10x_md.o(.text)
    ADC1_2_IRQHandler                        0x080001d7   Thumb Code     0  startup_stm32f10x_md.o(.text)
    CAN1_RX1_IRQHandler                      0x080001d7   Thumb Code     0  startup_stm32f10x_md.o(.text)
    CAN1_SCE_IRQHandler                      0x080001d7   Thumb Code     0  startup_stm32f10x_md.o(.text)
    DMA1_Channel1_IRQHandler                 0x080001d7   Thumb Code     0  startup_stm32f10x_md.o(.text)
    DMA1_Channel2_IRQHandler                 0x080001d7   Thumb Code     0  startup_stm32f10x_md.o(.text)
    DMA1_Channel3_IRQHandler                 0x080001d7   Thumb Code     0  startup_stm32f10x_md.o(.text)
    DMA1_Channel4_IRQHandler                 0x080001d7   Thumb Code     0  startup_stm32f10x_md.o(.text)
    DMA1_Channel5_IRQHandler                 0x080001d7   Thumb Code     0  startup_stm32f10x_md.o(.text)
    DMA1_Channel6_IRQHandler                 0x080001d7   Thumb Code     0  startup_stm32f10x_md.o(.text)
    DMA1_Channel7_IRQHandler                 0x080001d7   Thumb Code     0  startup_stm32f10x_md.o(.text)
    EXTI0_IRQHandler                         0x080001d7   Thumb Code     0  startup_stm32f10x_md.o(.text)
    EXTI15_10_IRQHandler                     0x080001d7   Thumb Code     0  startup_stm32f10x_md.o(.text)
    EXTI1_IRQHandler                         0x080001d7   Thumb Code     0  startup_stm32f10x_md.o(.text)
    EXTI2_IRQHandler                         0x080001d7   Thumb Code     0  startup_stm32f10x_md.o(.text)
    EXTI3_IRQHandler                         0x080001d7   Thumb Code     0  startup_stm32f10x_md.o(.text)
    EXTI4_IRQHandler                         0x080001d7   Thumb Code     0  startup_stm32f10x_md.o(.text)
    EXTI9_5_IRQHandler                       0x080001d7   Thumb Code     0  startup_stm32f10x_md.o(.text)
    FLASH_IRQHandler                         0x080001d7   Thumb Code     0  startup_stm32f10x_md.o(.text)
    I2C1_ER_IRQHandler                       0x080001d7   Thumb Code     0  startup_stm32f10x_md.o(.text)
    I2C1_EV_IRQHandler                       0x080001d7   Thumb Code     0  startup_stm32f10x_md.o(.text)
    I2C2_ER_IRQHandler                       0x080001d7   Thumb Code     0  startup_stm32f10x_md.o(.text)
    I2C2_EV_IRQHandler                       0x080001d7   Thumb Code     0  startup_stm32f10x_md.o(.text)
    PVD_IRQHandler                           0x080001d7   Thumb Code     0  startup_stm32f10x_md.o(.text)
    RCC_IRQHandler                           0x080001d7   Thumb Code     0  startup_stm32f10x_md.o(.text)
    RTCAlarm_IRQHandler                      0x080001d7   Thumb Code     0  startup_stm32f10x_md.o(.text)
    RTC_IRQHandler                           0x080001d7   Thumb Code     0  startup_stm32f10x_md.o(.text)
    SPI1_IRQHandler                          0x080001d7   Thumb Code     0  startup_stm32f10x_md.o(.text)
    SPI2_IRQHandler                          0x080001d7   Thumb Code     0  startup_stm32f10x_md.o(.text)
    TAMPER_IRQHandler                        0x080001d7   Thumb Code     0  startup_stm32f10x_md.o(.text)
    TIM1_BRK_IRQHandler                      0x080001d7   Thumb Code     0  startup_stm32f10x_md.o(.text)
    TIM1_CC_IRQHandler                       0x080001d7   Thumb Code     0  startup_stm32f10x_md.o(.text)
    TIM1_TRG_COM_IRQHandler                  0x080001d7   Thumb Code     0  startup_stm32f10x_md.o(.text)
    TIM1_UP_IRQHandler                       0x080001d7   Thumb Code     0  startup_stm32f10x_md.o(.text)
    TIM2_IRQHandler                          0x080001d7   Thumb Code     0  startup_stm32f10x_md.o(.text)
    TIM3_IRQHandler                          0x080001d7   Thumb Code     0  startup_stm32f10x_md.o(.text)
    TIM4_IRQHandler                          0x080001d7   Thumb Code     0  startup_stm32f10x_md.o(.text)
    USART1_IRQHandler                        0x080001d7   Thumb Code     0  startup_stm32f10x_md.o(.text)
    USART2_IRQHandler                        0x080001d7   Thumb Code     0  startup_stm32f10x_md.o(.text)
    USART3_IRQHandler                        0x080001d7   Thumb Code     0  startup_stm32f10x_md.o(.text)
    USBWakeUp_IRQHandler                     0x080001d7   Thumb Code     0  startup_stm32f10x_md.o(.text)
    USB_HP_CAN1_TX_IRQHandler                0x080001d7   Thumb Code     0  startup_stm32f10x_md.o(.text)
    USB_LP_CAN1_RX0_IRQHandler               0x080001d7   Thumb Code     0  startup_stm32f10x_md.o(.text)
    WWDG_IRQHandler                          0x080001d7   Thumb Code     0  startup_stm32f10x_md.o(.text)
    __user_initial_stackheap                 0x080001d9   Thumb Code     0  startup_stm32f10x_md.o(.text)
    __2snprintf                              0x080001fd   Thumb Code    58  noretval__2snprintf.o(.text)
    __printf                                 0x0800023d   Thumb Code   104  __printf.o(.text)
    _printf_int_dec                          0x080002a5   Thumb Code   104  _printf_dec.o(.text)
    __use_two_region_memory                  0x0800031d   Thumb Code     2  heapauxi.o(.text)
    __rt_heap_escrow$2region                 0x0800031f   Thumb Code     2  heapauxi.o(.text)
    __rt_heap_expand$2region                 0x08000321   Thumb Code     2  heapauxi.o(.text)
    _printf_int_common                       0x08000323   Thumb Code   178  _printf_intcommon.o(.text)
    _printf_char_common                      0x080003df   Thumb Code    32  _printf_char_common.o(.text)
    _snputc                                  0x08000405   Thumb Code    16  _snputc.o(.text)
    __user_setup_stackheap                   0x08000415   Thumb Code    74  sys_stackheap_outer.o(.text)
    exit                                     0x0800045f   Thumb Code    18  exit.o(.text)
    __user_libspace                          0x08000471   Thumb Code     8  libspace.o(.text)
    __user_perproc_libspace                  0x08000471   Thumb Code     0  libspace.o(.text)
    __user_perthread_libspace                0x08000471   Thumb Code     0  libspace.o(.text)
    _sys_exit                                0x08000479   Thumb Code     8  sys_exit.o(.text)
    __I$use$semihosting                      0x08000485   Thumb Code     0  use_no_semi.o(.text)
    __use_no_semihosting_swi                 0x08000485   Thumb Code     2  use_no_semi.o(.text)
    __semihosting_library_function           0x08000487   Thumb Code     0  indicate_semi.o(.text)
    ADXL345_Init                             0x08000489   Thumb Code    28  adxl345.o(.text.ADXL345_Init)
    ADXL345_ReadXYZ                          0x080004a5   Thumb Code   118  adxl345.o(.text.ADXL345_ReadXYZ)
    SysTick_Handler                          0x0800051d   Thumb Code    34  systick.o(.text.SysTick_Handler)
    SystemInit                               0x08000541   Thumb Code   272  system_stm32f10x.o(.text.SystemInit)
    delay_ms                                 0x08000651   Thumb Code    68  systick.o(.text.delay_ms)
    delay_us                                 0x08000695   Thumb Code    30  systick.o(.text.delay_us)
    get_tick                                 0x080006b5   Thumb Code    12  systick.o(.text.get_tick)
    gpio_init                                0x080006c1   Thumb Code   406  gpio.o(.text.gpio_init)
    i2c_add                                  0x08000859   Thumb Code   110  i2c.o(.text.i2c_add)
    i2c_data                                 0x080008c9   Thumb Code    74  i2c.o(.text.i2c_data)
    i2c_init                                 0x08000915   Thumb Code   158  i2c.o(.text.i2c_init)
    i2c_read                                 0x080009b5   Thumb Code    96  i2c.o(.text.i2c_read)
    i2c_start                                0x08000a15   Thumb Code    70  i2c.o(.text.i2c_start)
    i2c_stop                                 0x08000a5d   Thumb Code    50  i2c.o(.text.i2c_stop)
    i2c_write                                0x08000a91   Thumb Code   284  i2c.o(.text.i2c_write)
    lcd_i2c_cmd                              0x08000bad   Thumb Code   278  i2c_lcd.o(.text.lcd_i2c_cmd)
    lcd_i2c_data                             0x08000cc5   Thumb Code   278  i2c_lcd.o(.text.lcd_i2c_data)
    lcd_i2c_init                             0x08000ddd   Thumb Code   646  i2c_lcd.o(.text.lcd_i2c_init)
    lcd_i2c_msg                              0x08001065   Thumb Code    68  i2c_lcd.o(.text.lcd_i2c_msg)
    main                                     0x080010a9   Thumb Code   288  main.o(.text.main)
    systick_init                             0x0800120d   Thumb Code    62  systick.o(.text.systick_init)
    Region$$Table$$Base                      0x0800124c   Number         0  anon$$obj.o(Region$$Table)
    Region$$Table$$Limit                     0x0800126c   Number         0  anon$$obj.o(Region$$Table)
    SystemCoreClock                          0x20000000   Data           4  system_stm32f10x.o(.data.SystemCoreClock)
    __libspace_start                         0x20000008   Data          96  libspace.o(.bss)
    __temporary_stack_top$libspace           0x20000068   Data           0  libspace.o(.bss)
    tick_count                               0x20000068   Data           4  systick.o(.bss.tick_count)



==============================================================================

Memory Map of the image

  Image Entry point : 0x080001bd

  Load Region LR_1 (Base: 0x08000000, Size: 0x00001270, Max: 0xffffffff, ABSOLUTE)

    Execution Region ER_RO (Exec base: 0x08000000, Load base: 0x08000000, Size: 0x0000126c, Max: 0xffffffff, ABSOLUTE)

    Exec Addr    Load Addr    Size         Type   Attr      Idx    E Section Name        Object

    0x08000000   0x08000000   0x000000ec   Data   RO          102    RESET               startup_stm32f10x_md.o
    0x080000ec   0x080000ec   0x00000008   Code   RO          157  * !!!main             c_w.l(__main.o)
    0x080000f4   0x080000f4   0x0000005c   Code   RO          331    !!!scatter          c_w.l(__scatter.o)
    0x08000150   0x08000150   0x0000001a   Code   RO          335    !!handler_copy      c_w.l(__scatter_copy.o)
    0x0800016a   0x0800016a   0x00000002   PAD
    0x0800016c   0x0800016c   0x00000002   Code   RO          332    !!handler_null      c_w.l(__scatter.o)
    0x0800016e   0x0800016e   0x00000002   PAD
    0x08000170   0x08000170   0x0000001c   Code   RO          337    !!handler_zi        c_w.l(__scatter_zi.o)
    0x0800018c   0x0800018c   0x00000000   Code   RO          154    .ARM.Collect$$_printf_percent$$00000000  c_w.l(_printf_percent.o)
    0x0800018c   0x0800018c   0x00000006   Code   RO          153    .ARM.Collect$$_printf_percent$$00000009  c_w.l(_printf_d.o)
    0x08000192   0x08000192   0x00000004   Code   RO          166    .ARM.Collect$$_printf_percent$$00000017  c_w.l(_printf_percent_end.o)
    0x08000196   0x08000196   0x00000002   Code   RO          193    .ARM.Collect$$libinit$$00000000  c_w.l(libinit.o)
    0x08000198   0x08000198   0x00000000   Code   RO          200    .ARM.Collect$$libinit$$00000002  c_w.l(libinit2.o)
    0x08000198   0x08000198   0x00000000   Code   RO          202    .ARM.Collect$$libinit$$00000004  c_w.l(libinit2.o)
    0x08000198   0x08000198   0x00000000   Code   RO          204    .ARM.Collect$$libinit$$00000006  c_w.l(libinit2.o)
    0x08000198   0x08000198   0x00000000   Code   RO          207    .ARM.Collect$$libinit$$0000000C  c_w.l(libinit2.o)
    0x08000198   0x08000198   0x00000000   Code   RO          209    .ARM.Collect$$libinit$$0000000E  c_w.l(libinit2.o)
    0x08000198   0x08000198   0x00000000   Code   RO          211    .ARM.Collect$$libinit$$00000010  c_w.l(libinit2.o)
    0x08000198   0x08000198   0x00000000   Code   RO          214    .ARM.Collect$$libinit$$00000013  c_w.l(libinit2.o)
    0x08000198   0x08000198   0x00000000   Code   RO          216    .ARM.Collect$$libinit$$00000015  c_w.l(libinit2.o)
    0x08000198   0x08000198   0x00000000   Code   RO          218    .ARM.Collect$$libinit$$00000017  c_w.l(libinit2.o)
    0x08000198   0x08000198   0x00000000   Code   RO          220    .ARM.Collect$$libinit$$00000019  c_w.l(libinit2.o)
    0x08000198   0x08000198   0x00000000   Code   RO          222    .ARM.Collect$$libinit$$0000001B  c_w.l(libinit2.o)
    0x08000198   0x08000198   0x00000000   Code   RO          224    .ARM.Collect$$libinit$$0000001D  c_w.l(libinit2.o)
    0x08000198   0x08000198   0x00000000   Code   RO          226    .ARM.Collect$$libinit$$0000001F  c_w.l(libinit2.o)
    0x08000198   0x08000198   0x00000000   Code   RO          228    .ARM.Collect$$libinit$$00000021  c_w.l(libinit2.o)
    0x08000198   0x08000198   0x00000000   Code   RO          230    .ARM.Collect$$libinit$$00000023  c_w.l(libinit2.o)
    0x08000198   0x08000198   0x00000000   Code   RO          232    .ARM.Collect$$libinit$$00000025  c_w.l(libinit2.o)
    0x08000198   0x08000198   0x00000000   Code   RO          234    .ARM.Collect$$libinit$$00000027  c_w.l(libinit2.o)
    0x08000198   0x08000198   0x00000000   Code   RO          238    .ARM.Collect$$libinit$$0000002E  c_w.l(libinit2.o)
    0x08000198   0x08000198   0x00000000   Code   RO          240    .ARM.Collect$$libinit$$00000030  c_w.l(libinit2.o)
    0x08000198   0x08000198   0x00000000   Code   RO          242    .ARM.Collect$$libinit$$00000032  c_w.l(libinit2.o)
    0x08000198   0x08000198   0x00000000   Code   RO          244    .ARM.Collect$$libinit$$00000034  c_w.l(libinit2.o)
    0x08000198   0x08000198   0x00000002   Code   RO          245    .ARM.Collect$$libinit$$00000035  c_w.l(libinit2.o)
    0x0800019a   0x0800019a   0x00000002   Code   RO          267    .ARM.Collect$$libshutdown$$00000000  c_w.l(libshutdown.o)
    0x0800019c   0x0800019c   0x00000000   Code   RO          282    .ARM.Collect$$libshutdown$$00000002  c_w.l(libshutdown2.o)
    0x0800019c   0x0800019c   0x00000000   Code   RO          284    .ARM.Collect$$libshutdown$$00000004  c_w.l(libshutdown2.o)
    0x0800019c   0x0800019c   0x00000000   Code   RO          287    .ARM.Collect$$libshutdown$$00000007  c_w.l(libshutdown2.o)
    0x0800019c   0x0800019c   0x00000000   Code   RO          290    .ARM.Collect$$libshutdown$$0000000A  c_w.l(libshutdown2.o)
    0x0800019c   0x0800019c   0x00000000   Code   RO          292    .ARM.Collect$$libshutdown$$0000000C  c_w.l(libshutdown2.o)
    0x0800019c   0x0800019c   0x00000000   Code   RO          295    .ARM.Collect$$libshutdown$$0000000F  c_w.l(libshutdown2.o)
    0x0800019c   0x0800019c   0x00000002   Code   RO          296    .ARM.Collect$$libshutdown$$00000010  c_w.l(libshutdown2.o)
    0x0800019e   0x0800019e   0x00000000   Code   RO          159    .ARM.Collect$$rtentry$$00000000  c_w.l(__rtentry.o)
    0x0800019e   0x0800019e   0x00000000   Code   RO          168    .ARM.Collect$$rtentry$$00000002  c_w.l(__rtentry2.o)
    0x0800019e   0x0800019e   0x00000006   Code   RO          180    .ARM.Collect$$rtentry$$00000004  c_w.l(__rtentry4.o)
    0x080001a4   0x080001a4   0x00000000   Code   RO          170    .ARM.Collect$$rtentry$$00000009  c_w.l(__rtentry2.o)
    0x080001a4   0x080001a4   0x00000004   Code   RO          171    .ARM.Collect$$rtentry$$0000000A  c_w.l(__rtentry2.o)
    0x080001a8   0x080001a8   0x00000000   Code   RO          173    .ARM.Collect$$rtentry$$0000000C  c_w.l(__rtentry2.o)
    0x080001a8   0x080001a8   0x00000008   Code   RO          174    .ARM.Collect$$rtentry$$0000000D  c_w.l(__rtentry2.o)
    0x080001b0   0x080001b0   0x00000002   Code   RO          197    .ARM.Collect$$rtexit$$00000000  c_w.l(rtexit.o)
    0x080001b2   0x080001b2   0x00000000   Code   RO          247    .ARM.Collect$$rtexit$$00000002  c_w.l(rtexit2.o)
    0x080001b2   0x080001b2   0x00000004   Code   RO          248    .ARM.Collect$$rtexit$$00000003  c_w.l(rtexit2.o)
    0x080001b6   0x080001b6   0x00000006   Code   RO          249    .ARM.Collect$$rtexit$$00000004  c_w.l(rtexit2.o)
    0x080001bc   0x080001bc   0x00000040   Code   RO          103  * .text               startup_stm32f10x_md.o
    0x080001fc   0x080001fc   0x00000040   Code   RO          127    .text               c_w.l(noretval__2snprintf.o)
    0x0800023c   0x0800023c   0x00000068   Code   RO          129    .text               c_w.l(__printf.o)
    0x080002a4   0x080002a4   0x00000078   Code   RO          131    .text               c_w.l(_printf_dec.o)
    0x0800031c   0x0800031c   0x00000006   Code   RO          155    .text               c_w.l(heapauxi.o)
    0x08000322   0x08000322   0x000000b2   Code   RO          160    .text               c_w.l(_printf_intcommon.o)
    0x080003d4   0x080003d4   0x00000030   Code   RO          162    .text               c_w.l(_printf_char_common.o)
    0x08000404   0x08000404   0x00000010   Code   RO          164    .text               c_w.l(_snputc.o)
    0x08000414   0x08000414   0x0000004a   Code   RO          184    .text               c_w.l(sys_stackheap_outer.o)
    0x0800045e   0x0800045e   0x00000012   Code   RO          186    .text               c_w.l(exit.o)
    0x08000470   0x08000470   0x00000008   Code   RO          194    .text               c_w.l(libspace.o)
    0x08000478   0x08000478   0x0000000c   Code   RO          257    .text               c_w.l(sys_exit.o)
    0x08000484   0x08000484   0x00000002   Code   RO          272    .text               c_w.l(use_no_semi.o)
    0x08000486   0x08000486   0x00000000   Code   RO          274    .text               c_w.l(indicate_semi.o)
    0x08000486   0x08000486   0x00000002   PAD
    0x08000488   0x08000488   0x0000001c   Code   RO           89    .text.ADXL345_Init  adxl345.o
    0x080004a4   0x080004a4   0x00000076   Code   RO           91    .text.ADXL345_ReadXYZ  adxl345.o
    0x0800051a   0x0800051a   0x00000002   PAD
    0x0800051c   0x0800051c   0x00000022   Code   RO           70    .text.SysTick_Handler  systick.o
    0x0800053e   0x0800053e   0x00000002   PAD
    0x08000540   0x08000540   0x00000110   Code   RO          110    .text.SystemInit    system_stm32f10x.o
    0x08000650   0x08000650   0x00000044   Code   RO           78    .text.delay_ms      systick.o
    0x08000694   0x08000694   0x0000001e   Code   RO           76    .text.delay_us      systick.o
    0x080006b2   0x080006b2   0x00000002   PAD
    0x080006b4   0x080006b4   0x0000000c   Code   RO           72    .text.get_tick      systick.o
    0x080006c0   0x080006c0   0x00000196   Code   RO           56    .text.gpio_init     gpio.o
    0x08000856   0x08000856   0x00000002   PAD
    0x08000858   0x08000858   0x0000006e   Code   RO           38    .text.i2c_add       i2c.o
    0x080008c6   0x080008c6   0x00000002   PAD
    0x080008c8   0x080008c8   0x0000004a   Code   RO           40    .text.i2c_data      i2c.o
    0x08000912   0x08000912   0x00000002   PAD
    0x08000914   0x08000914   0x0000009e   Code   RO           34    .text.i2c_init      i2c.o
    0x080009b2   0x080009b2   0x00000002   PAD
    0x080009b4   0x080009b4   0x00000060   Code   RO           46    .text.i2c_read      i2c.o
    0x08000a14   0x08000a14   0x00000046   Code   RO           36    .text.i2c_start     i2c.o
    0x08000a5a   0x08000a5a   0x00000002   PAD
    0x08000a5c   0x08000a5c   0x00000032   Code   RO           42    .text.i2c_stop      i2c.o
    0x08000a8e   0x08000a8e   0x00000002   PAD
    0x08000a90   0x08000a90   0x0000011c   Code   RO           44    .text.i2c_write     i2c.o
    0x08000bac   0x08000bac   0x00000116   Code   RO           18    .text.lcd_i2c_cmd   i2c_lcd.o
    0x08000cc2   0x08000cc2   0x00000002   PAD
    0x08000cc4   0x08000cc4   0x00000116   Code   RO           16    .text.lcd_i2c_data  i2c_lcd.o
    0x08000dda   0x08000dda   0x00000002   PAD
    0x08000ddc   0x08000ddc   0x00000286   Code   RO           20    .text.lcd_i2c_init  i2c_lcd.o
    0x08001062   0x08001062   0x00000002   PAD
    0x08001064   0x08001064   0x00000044   Code   RO           24    .text.lcd_i2c_msg   i2c_lcd.o
    0x080010a8   0x080010a8   0x00000164   Code   RO            2    .text.main          main.o
    0x0800120c   0x0800120c   0x0000003e   Code   RO           74    .text.systick_init  systick.o
    0x0800124a   0x0800124a   0x00000002   PAD
    0x0800124c   0x0800124c   0x00000020   Data   RO          330    Region$$Table       anon$$obj.o


    Execution Region ER_RW (Exec base: 0x20000000, Load base: 0x0800126c, Size: 0x00000004, Max: 0xffffffff, ABSOLUTE)

    Exec Addr    Load Addr    Size         Type   Attr      Idx    E Section Name        Object

    0x20000000   0x0800126c   0x00000004   Data   RW          114    .data.SystemCoreClock  system_stm32f10x.o


    Execution Region ER_ZI (Exec base: 0x20000008, Load base: 0x08001270, Size: 0x00000668, Max: 0xffffffff, ABSOLUTE)

    Exec Addr    Load Addr    Size         Type   Attr      Idx    E Section Name        Object

    0x20000008        -       0x00000060   Zero   RW          195    .bss                c_w.l(libspace.o)
    0x20000068        -       0x00000004   Zero   RW           80    .bss.tick_count     systick.o
    0x2000006c   0x08001270   0x00000004   PAD
    0x20000070        -       0x00000200   Zero   RW          101    HEAP                startup_stm32f10x_md.o
    0x20000270        -       0x00000400   Zero   RW          100    STACK               startup_stm32f10x_md.o


==============================================================================

Image component sizes


      Code (inc. data)   RO Data    RW Data    ZI Data      Debug   Object Name

       146          0          0          0          0       1093   adxl345.o
       406          0          0          0          0       2386   gpio.o
       842          0          0          0          0       4162   i2c.o
      1270          0          0          0          0       5603   i2c_lcd.o
       356         68          0          0          0        980   main.o
        64         26        236          0       1536        820   startup_stm32f10x_md.o
       272          0          0          4          0       2688   system_stm32f10x.o
       206          0          0          0          4       4237   systick.o

    ----------------------------------------------------------------------
      3588         94        268          4       1544      21969   Object Totals
         0          0         32          0          0          0   (incl. Generated)
        26          0          0          0          4          0   (incl. Padding)

    ----------------------------------------------------------------------

      Code (inc. data)   RO Data    RW Data    ZI Data      Debug   Library Member Name

         8          0          0          0          0         68   __main.o
       104          0          0          0          0         84   __printf.o
         0          0          0          0          0          0   __rtentry.o
        12          0          0          0          0          0   __rtentry2.o
         6          0          0          0          0          0   __rtentry4.o
        94          8          0          0          0          0   __scatter.o
        26          0          0          0          0          0   __scatter_copy.o
        28          0          0          0          0          0   __scatter_zi.o
        48          6          0          0          0         96   _printf_char_common.o
         6          0          0          0          0          0   _printf_d.o
       120         16          0          0          0         92   _printf_dec.o
       178          0          0          0          0         88   _printf_intcommon.o
         0          0          0          0          0          0   _printf_percent.o
         4          0          0          0          0          0   _printf_percent_end.o
        16          0          0          0          0         68   _snputc.o
        18          0          0          0          0         80   exit.o
         6          0          0          0          0        152   heapauxi.o
         0          0          0          0          0          0   indicate_semi.o
         2          0          0          0          0          0   libinit.o
         2          0          0          0          0          0   libinit2.o
         2          0          0          0          0          0   libshutdown.o
         2          0          0          0          0          0   libshutdown2.o
         8          4          0          0         96         68   libspace.o
        64          6          0          0          0         84   noretval__2snprintf.o
         2          0          0          0          0          0   rtexit.o
        10          0          0          0          0          0   rtexit2.o
        12          4          0          0          0         68   sys_exit.o
        74          0          0          0          0         80   sys_stackheap_outer.o
         2          0          0          0          0         68   use_no_semi.o

    ----------------------------------------------------------------------
       860         44          0          0         96       1096   Library Totals
         6          0          0          0          0          0   (incl. Padding)

    ----------------------------------------------------------------------

      Code (inc. data)   RO Data    RW Data    ZI Data      Debug   Library Name

       854         44          0          0         96       1096   c_w.l

    ----------------------------------------------------------------------
       860         44          0          0         96       1096   Library Totals

    ----------------------------------------------------------------------

==============================================================================


      Code (inc. data)   RO Data    RW Data    ZI Data      Debug   

      4448        138        268          4       1640      22593   Grand Totals
      4448        138        268          4       1640      22593   ELF Image Totals
      4448        138        268          4          0          0   ROM Totals

==============================================================================

    Total RO  Size (Code + RO Data)                 4716 (   4.61kB)
    Total RW  Size (RW Data + ZI Data)              1644 (   1.61kB)
    Total ROM Size (Code + RO Data + RW Data)       4720 (   4.61kB)

==============================================================================

